// Jest Snapshot v1, https://goo.gl/fbAQLP

exports[`<App /> on initialization renders page correctly 1`] = `
<App__AppWrapper>
  <Connect(Component) />
  <App__MainWrapper>
    <Header />
    <App__ContentWrapper>
      <Connect(LeftNav) />
      <Connect(CurrentEditor) />
      <Connect(LibraryComponent) />
    </App__ContentWrapper>
  </App__MainWrapper>
  <Connect(ErrorContainer) />
</App__AppWrapper>
`;
